// Vitest Snapshot v1, https://vitest.dev/guide/snapshot.html

exports[`renders without crashing 1`] = `"<div><div class="container"><div class="justify-content-center row"><div class="col-lg-8 col-md-10"><h1>Players</h1></div></div><div><hr><div class="justify-content-center row"><div class="col-lg-8 col-md-10"><div class="post-preview"><h2 class="post-title"><a href=""><img class="head" alt=""></a> </h2><h4 class="post-subtitle">Hometown:  <br> Nickname:  <br></h4><p class="post-meta"></p></div></div></div></div></div></div>"`;
