// Vitest Snapshot v1, https://vitest.dev/guide/snapshot.html

exports[`renders without crashing 1`] = `"<div><div class="mt-8 border border-gold-300 bg-cream-100 p-6 sm:p-8"><h2 class="font-serif text-2xl font-bold text-fairway-900"></h2><h3 class="mt-2 font-sans text-lg font-semibold text-fairway-900"></h3><p class="mt-2 font-sans text-sm text-sage-500"></p><p class="mt-6 leading-relaxed"><u>Summary</u><br></p><div class="mt-4"></div></div></div>"`;
