// Vitest Snapshot v1, https://vitest.dev/guide/snapshot.html

exports[`renders without crashing 1`] = `"<div><div><hr><div class="justify-content-center row"><div class="col-lg-8 col-md-10"><div class="post-preview"><h2 class="post-title"></h2><h3 class="post-subtitle"></h3><p class="post-meta"></p><p class="post-meta"><u>Summary</u><br></p></div></div></div></div></div>"`;
